+--------------+-----------+
| frame_number | ethertype |
+--------------+-----------+
| 1            | 2048      |
| 2            | 2048      |
| 3            | 2048      |
| 4            | 2048      |
| 5            | 2048      |
| 6            | 2054      |
| 7            | 2048      |
| 8            | 34525     |
| 9            | 2048      |
+--------------+-----------+