+--------------+-----------+-----------+----------+-----+
| frame_number | src_ip    | dst_ip    | protocol | ttl |
+--------------+-----------+-----------+----------+-----+
| 1            | 167772161 | 167772162 | 6        | 64  |
| 2            | 167772162 | 167772161 | 6        | 64  |
| 3            | 167772161 | 167772162 | 6        | 64  |
| 4            | 167772161 | 134744072 | 17       | 64  |
| 5            | 134744072 | 167772161 | 17       | 64  |
| 7            | 167772161 | 167772162 | 1        | 64  |
| 9            | 167772161 | 167772162 | 6        | 64  |
+--------------+-----------+-----------+----------+-----+