+--------------+----------+----------+----------+----------+----------+
| frame_number | src_port | dst_port | flag_syn | flag_ack | flag_fin |
+--------------+----------+----------+----------+----------+----------+
| 1            | 40000    | 80       | true     | false    | false    |
| 2            | 80       | 40000    | true     | true     | false    |
| 3            | 40000    | 80       | false    | true     | false    |
| 9            | 40000    | 80       | false    | true     | true     |
+--------------+----------+----------+----------+----------+----------+