+--------------+----------+----------+--------+
| frame_number | src_port | dst_port | length |
+--------------+----------+----------+--------+
| 4            | 33333    | 53       | 37     |
| 5            | 53       | 33333    | 53     |
| 8            | 1024     | 2048     | 12     |
+--------------+----------+----------+--------+