+--------------+-------------+----------+--------------+
| frame_number | query_name  | is_query | answer_count |
+--------------+-------------+----------+--------------+
| 4            | example.com | true     | 0            |
| 5            | example.com | false    | 1            |
+--------------+-------------+----------+--------------+