+--------------+----------+----------+
| frame_number | src_port | dst_port |
+--------------+----------+----------+
| 1            | 40000    | 80       |
| 2            | 80       | 40000    |
| 3            | 40000    | 80       |
| 9            | 40000    | 80       |
+--------------+----------+----------+