+--------------+-----------+-----------+----------+----------+
| frame_number | src_ip_v4 | dst_ip_v4 | src_port | dst_port |
+--------------+-----------+-----------+----------+----------+
| 1            | 167772161 | 167772162 | 40000    | 80       |
| 2            | 167772162 | 167772161 | 80       | 40000    |
| 3            | 167772161 | 167772162 | 40000    | 80       |
| 9            | 167772161 | 167772162 | 40000    | 80       |
+--------------+-----------+-----------+----------+----------+